// Jest Snapshot v1, https://goo.gl/fbAQLP

exports[`Context Simple example 1`] = `
"import { createContext } from \\"react\\";

export default createContext({
  foo: \\"bar\\",
  get fooUpperCase() {
    return this.foo.toUpperCase();
  },
  someMethod() {
    return this.fooUpperCase.toLowercase();
  },
});
"
`;
