// Jest Snapshot v1, https://goo.gl/fbAQLP

exports[`Liquid Basic 1`] = `
"<div>
  <input value=\\"{{name}}\\" />

  Hello! I can run in React, Vue, Solid, or Liquid!
</div>
"
`;

exports[`Liquid Input block 1`] = `
"<input
  placeholder=\\"{{placeholder}}\\"
  type=\\"{{type}}\\"
  name=\\"{{name}}\\"
  value=\\"{{value}}\\"
  defaultValue=\\"{{defaultValue}}\\"
  required=\\"{{required}}\\"
/>
"
`;

exports[`Liquid Submit button block 1`] = `
"<button type=\\"submit\\">{{undefined}}</button>
"
`;
