// Jest Snapshot v1, https://goo.gl/fbAQLP

exports[`Parse JSX metadata 1`] = `
Object {
  "@type": "@jsx-lite/component",
  "children": Array [
    Object {
      "@type": "@jsx-lite/node",
      "bindings": Object {},
      "children": Array [
        Object {
          "@type": "@jsx-lite/node",
          "bindings": Object {},
          "children": Array [],
          "meta": Object {},
          "name": "div",
          "properties": Object {
            "_text": "
      ",
          },
        },
        Object {
          "@type": "@jsx-lite/node",
          "bindings": Object {
            "when": "props.link",
          },
          "children": Array [
            Object {
              "@type": "@jsx-lite/node",
              "bindings": Object {},
              "children": Array [],
              "meta": Object {},
              "name": "div",
              "properties": Object {
                "_text": "
        ",
              },
            },
            Object {
              "@type": "@jsx-lite/node",
              "bindings": Object {
                "_spread": "props.attributes",
                "href": "props.link",
                "target": "props.openLinkInNewTab ? '_blank' : undefined",
              },
              "children": Array [
                Object {
                  "@type": "@jsx-lite/node",
                  "bindings": Object {},
                  "children": Array [],
                  "meta": Object {},
                  "name": "div",
                  "properties": Object {
                    "_text": "
          ",
                  },
                },
                Object {
                  "@type": "@jsx-lite/node",
                  "bindings": Object {
                    "_text": "props.text",
                  },
                  "children": Array [],
                  "meta": Object {},
                  "name": "div",
                  "properties": Object {},
                },
                Object {
                  "@type": "@jsx-lite/node",
                  "bindings": Object {},
                  "children": Array [],
                  "meta": Object {},
                  "name": "div",
                  "properties": Object {
                    "_text": "
        ",
                  },
                },
              ],
              "meta": Object {},
              "name": "a",
              "properties": Object {},
            },
            Object {
              "@type": "@jsx-lite/node",
              "bindings": Object {},
              "children": Array [],
              "meta": Object {},
              "name": "div",
              "properties": Object {
                "_text": "
      ",
              },
            },
          ],
          "meta": Object {},
          "name": "Show",
          "properties": Object {},
        },
        Object {
          "@type": "@jsx-lite/node",
          "bindings": Object {},
          "children": Array [],
          "meta": Object {},
          "name": "div",
          "properties": Object {
            "_text": "
      ",
          },
        },
        Object {
          "@type": "@jsx-lite/node",
          "bindings": Object {
            "when": "!props.link",
          },
          "children": Array [
            Object {
              "@type": "@jsx-lite/node",
              "bindings": Object {},
              "children": Array [],
              "meta": Object {},
              "name": "div",
              "properties": Object {
                "_text": "
        ",
              },
            },
            Object {
              "@type": "@jsx-lite/node",
              "bindings": Object {
                "_spread": "props.attributes",
              },
              "children": Array [
                Object {
                  "@type": "@jsx-lite/node",
                  "bindings": Object {},
                  "children": Array [],
                  "meta": Object {},
                  "name": "div",
                  "properties": Object {
                    "_text": "
          ",
                  },
                },
                Object {
                  "@type": "@jsx-lite/node",
                  "bindings": Object {
                    "_text": "props.text",
                  },
                  "children": Array [],
                  "meta": Object {},
                  "name": "div",
                  "properties": Object {},
                },
                Object {
                  "@type": "@jsx-lite/node",
                  "bindings": Object {},
                  "children": Array [],
                  "meta": Object {},
                  "name": "div",
                  "properties": Object {
                    "_text": "
        ",
                  },
                },
              ],
              "meta": Object {},
              "name": "button",
              "properties": Object {
                "type": "button",
              },
            },
            Object {
              "@type": "@jsx-lite/node",
              "bindings": Object {},
              "children": Array [],
              "meta": Object {},
              "name": "div",
              "properties": Object {
                "_text": "
      ",
              },
            },
          ],
          "meta": Object {},
          "name": "Show",
          "properties": Object {},
        },
        Object {
          "@type": "@jsx-lite/node",
          "bindings": Object {},
          "children": Array [],
          "meta": Object {},
          "name": "div",
          "properties": Object {
            "_text": "
    ",
          },
        },
      ],
      "meta": Object {},
      "name": "Fragment",
      "properties": Object {},
    },
  ],
  "hooks": Object {},
  "imports": Array [],
  "meta": Object {
    "useMetadata": Object {
      "foo": Object {
        "bar": "baz",
      },
    },
  },
  "name": "Button",
  "state": Object {},
  "subComponents": Array [],
}
`;
